// Jest Snapshot v1, https://goo.gl/fbAQLP

exports[`Dialog Component matches snapshot when closed 1`] = `<DocumentFragment />`;
